
Discarded input sections

 .comment       0x0000000000000000       0x2f build/framebuffer.o
 .comment       0x0000000000000000       0x2f build/level.o
 .comment       0x0000000000000000       0x2f build/main.o
 .comment       0x0000000000000000       0x2f build/mbox.o
 .comment       0x0000000000000000       0x2f build/snes.o
 .comment       0x0000000000000000       0x2f build/ssp.o
 .comment       0x0000000000000000       0x2f build/uart.o

Memory Configuration

Name             Origin             Length             Attributes
*default*        0x0000000000000000 0xffffffffffffffff

Linker script and memory map

LOAD build/start.o
LOAD build/framebuffer.o
LOAD build/level.o
LOAD build/main.o
LOAD build/mbox.o
LOAD build/snes.o
LOAD build/ssp.o
LOAD build/uart.o
                0x0000000000080000                . = 0x80000

.text           0x0000000000080000     0x499c
 *(.text.boot)
 .text.boot     0x0000000000080000       0x50 build/start.o
                0x0000000000080000                _start
 *(.text .text.* .gnu.linkonce.t*)
 .text          0x0000000000080050        0x0 build/start.o
 .text          0x0000000000080050      0x5d4 build/framebuffer.o
                0x0000000000080050                init_framebuffer
                0x0000000000080354                drawPixel
                0x00000000000803b0                fillScreen
                0x0000000000080434                drawRect
                0x0000000000080524                drawImage
 .text          0x0000000000080624     0x1b8c build/level.o
                0x0000000000080624                drawLevel1
                0x0000000000081534                initGameState
                0x000000000008168c                updateScore
                0x0000000000081a28                updateTime
                0x0000000000081dc4                updateLives
                0x0000000000081e34                drawSpeedBoost
                0x0000000000081ea4                drawExtraLives
                0x0000000000081f14                updateBatPos
 .text          0x00000000000821b0     0x2128 build/main.o
                0x00000000000821b0                printf
                0x00000000000821d0                handleDeath
                0x00000000000822cc                handleBatCollision
                0x0000000000082334                main
 .text          0x00000000000842d8       0xac build/mbox.o
                0x00000000000842d8                mbox_call
 .text          0x0000000000084384      0x2f0 build/snes.o
                0x0000000000084384                writeClock
                0x00000000000843d8                writeLatch
                0x000000000008442c                readData
                0x0000000000084470                init_snes_lines
                0x0000000000084544                read_snes
                0x0000000000084624                wait
 .text          0x0000000000084674       0x1c build/ssp.o
                0x0000000000084674                __stack_chk_fail
 .text          0x0000000000084690      0x30c build/uart.o
                0x0000000000084690                spin_for_cycles
                0x00000000000846c4                uart_init
                0x0000000000084830                uart_send
                0x0000000000084870                uart_getc
                0x00000000000848c0                uart_puts
                0x000000000008491c                uart_hex

.iplt           0x000000000008499c        0x0
 .iplt          0x000000000008499c        0x0 build/start.o

.rodata         0x00000000000849a0   0x2d22b2
 *(.rodata .rodata.* .gnu.linkonce.r*)
 .rodata        0x00000000000849a0    0xac360 build/level.o
 .rodata        0x0000000000130d00   0x225f2a build/main.o
 *fill*         0x0000000000356c2a        0x6 
 .rodata        0x0000000000356c30       0x22 build/ssp.o
                [!provide]                        PROVIDE (_data = .)

.rela.dyn       0x0000000000356c58        0x0
 .rela.iplt     0x0000000000356c58        0x0 build/start.o
 .rela.text.boot
                0x0000000000356c58        0x0 build/start.o

.data           0x0000000000356c58       0x28
 *(.data .data.* .gnu.linkonce.d*)
 .data          0x0000000000356c58        0x0 build/start.o
 .data          0x0000000000356c58        0x0 build/framebuffer.o
 .data          0x0000000000356c58       0x1c build/level.o
                0x0000000000356c58                batMoveX
 .data          0x0000000000356c74        0x0 build/main.o
 .data          0x0000000000356c74        0x0 build/mbox.o
 *fill*         0x0000000000356c74        0x4 
 .data          0x0000000000356c78        0x8 build/snes.o
 .data          0x0000000000356c80        0x0 build/ssp.o
 .data          0x0000000000356c80        0x0 build/uart.o

.igot.plt       0x0000000000356c80        0x0
 .igot.plt      0x0000000000356c80        0x0 build/start.o

.bss            0x0000000000356c80      0x730
                0x0000000000356c80                . = ALIGN (0x10)
                0x0000000000356c80                __bss_start = .
 *(.bss .bss.*)
 .bss           0x0000000000356c80        0x0 build/start.o
 .bss           0x0000000000356c80       0x18 build/framebuffer.o
                0x0000000000356c80                width
                0x0000000000356c84                height
                0x0000000000356c88                pitch
                0x0000000000356c90                framebuffer
 .bss           0x0000000000356c98      0x67c build/level.o
                0x0000000000356c98                gameStage
 .bss           0x0000000000357314        0xc build/main.o
                0x0000000000357314                gameStart
                0x0000000000357318                gamePaused
                0x000000000035731c                gameLost
 .bss           0x0000000000357320       0x90 build/mbox.o
                0x0000000000357320                mbox
 .bss           0x00000000003573b0        0x0 build/snes.o
 .bss           0x00000000003573b0        0x0 build/ssp.o
 .bss           0x00000000003573b0        0x0 build/uart.o
 *(COMMON)
                0x00000000003573b0                __bss_end = .
                0x00000000003573b0                _end = .

/DISCARD/
 *(.comment)
 *(.gnu*)
 *(.note*)
 *(.eh_frame*)
                0x00000000000000e6                __bss_size = ((__bss_end - __bss_start) >> 0x3)
OUTPUT(kernel8.elf elf64-littleaarch64)
LOAD linker stubs

.debug_info     0x0000000000000000     0x1f0c
 .debug_info    0x0000000000000000      0x347 build/framebuffer.o
 .debug_info    0x0000000000000347      0xf72 build/level.o
 .debug_info    0x00000000000012b9      0x754 build/main.o
 .debug_info    0x0000000000001a0d       0xba build/mbox.o
 .debug_info    0x0000000000001ac7      0x234 build/snes.o
 .debug_info    0x0000000000001cfb       0x68 build/ssp.o
 .debug_info    0x0000000000001d63      0x1a9 build/uart.o

.debug_abbrev   0x0000000000000000      0x80e
 .debug_abbrev  0x0000000000000000      0x132 build/framebuffer.o
 .debug_abbrev  0x0000000000000132      0x1e7 build/level.o
 .debug_abbrev  0x0000000000000319      0x1c4 build/main.o
 .debug_abbrev  0x00000000000004dd       0x98 build/mbox.o
 .debug_abbrev  0x0000000000000575      0x113 build/snes.o
 .debug_abbrev  0x0000000000000688       0x60 build/ssp.o
 .debug_abbrev  0x00000000000006e8      0x126 build/uart.o

.debug_aranges  0x0000000000000000      0x150
 .debug_aranges
                0x0000000000000000       0x30 build/framebuffer.o
 .debug_aranges
                0x0000000000000030       0x30 build/level.o
 .debug_aranges
                0x0000000000000060       0x30 build/main.o
 .debug_aranges
                0x0000000000000090       0x30 build/mbox.o
 .debug_aranges
                0x00000000000000c0       0x30 build/snes.o
 .debug_aranges
                0x00000000000000f0       0x30 build/ssp.o
 .debug_aranges
                0x0000000000000120       0x30 build/uart.o

.debug_line     0x0000000000000000     0x1803
 .debug_line    0x0000000000000000      0x1e6 build/framebuffer.o
 .debug_line    0x00000000000001e6      0x8de build/level.o
 .debug_line    0x0000000000000ac4      0x987 build/main.o
 .debug_line    0x000000000000144b       0x9b build/mbox.o
 .debug_line    0x00000000000014e6      0x148 build/snes.o
 .debug_line    0x000000000000162e       0x5c build/ssp.o
 .debug_line    0x000000000000168a      0x179 build/uart.o

.debug_str      0x0000000000000000      0x43c
 .debug_str     0x0000000000000000       0xde build/framebuffer.o
                                        0x10f (size before relaxing)
 .debug_str     0x00000000000000de      0x1e8 build/level.o
                                        0x298 (size before relaxing)
 .debug_str     0x00000000000002c6       0xdf build/main.o
                                        0x2cd (size before relaxing)
 .debug_str     0x00000000000003a5       0x7e build/mbox.o
 .debug_str     0x00000000000003a5       0x4f build/snes.o
                                        0x145 (size before relaxing)
 .debug_str     0x00000000000003f4       0x11 build/ssp.o
                                         0x62 (size before relaxing)
 .debug_str     0x0000000000000405       0x37 build/uart.o
                                         0xc4 (size before relaxing)

.debug_line_str
                0x0000000000000000      0x1e2
 .debug_line_str
                0x0000000000000000       0x6f build/framebuffer.o
                                         0xd7 (size before relaxing)
 .debug_line_str
                0x000000000000006f      0x101 build/level.o
                                        0x1b6 (size before relaxing)
 .debug_line_str
                0x0000000000000170       0x3b build/main.o
                                        0x145 (size before relaxing)
 .debug_line_str
                0x00000000000001ab        0xe build/mbox.o
                                         0xbb (size before relaxing)
 .debug_line_str
                0x00000000000001b9        0xe build/snes.o
                                         0xbb (size before relaxing)
 .debug_line_str
                0x00000000000001c7        0xd build/ssp.o
                                         0xbf (size before relaxing)
 .debug_line_str
                0x00000000000001d4        0xe build/uart.o
                                         0xc2 (size before relaxing)

.debug_frame    0x0000000000000000      0x4e0
 .debug_frame   0x0000000000000000       0xd0 build/framebuffer.o
 .debug_frame   0x00000000000000d0      0x148 build/level.o
 .debug_frame   0x0000000000000218       0xa8 build/main.o
 .debug_frame   0x00000000000002c0       0x30 build/mbox.o
 .debug_frame   0x00000000000002f0       0xd0 build/snes.o
 .debug_frame   0x00000000000003c0       0x30 build/ssp.o
 .debug_frame   0x00000000000003f0       0xf0 build/uart.o
