
Discarded input sections

 .comment       0x0000000000000000       0x2f build/framebuffer.o
 .comment       0x0000000000000000       0x2f build/main.o
 .comment       0x0000000000000000       0x2f build/mbox.o
 .comment       0x0000000000000000       0x2f build/objects.o
 .comment       0x0000000000000000       0x2f build/screen.o
 .comment       0x0000000000000000       0x2f build/snes.o
 .comment       0x0000000000000000       0x2f build/ssp.o
 .comment       0x0000000000000000       0x2f build/uart.o

Memory Configuration

Name             Origin             Length             Attributes
*default*        0x0000000000000000 0xffffffffffffffff

Linker script and memory map

LOAD build/start.o
LOAD build/framebuffer.o
LOAD build/main.o
LOAD build/mbox.o
LOAD build/objects.o
LOAD build/screen.o
LOAD build/snes.o
LOAD build/ssp.o
LOAD build/uart.o
                0x0000000000080000                . = 0x80000

.text           0x0000000000080000     0x1508
 *(.text.boot)
 .text.boot     0x0000000000080000       0x50 build/start.o
                0x0000000000080000                _start
 *(.text .text.* .gnu.linkonce.t*)
 .text          0x0000000000080050        0x0 build/start.o
 .text          0x0000000000080050      0x810 build/framebuffer.o
                0x0000000000080050                init_framebuffer
                0x0000000000080354                drawPixel
                0x00000000000803b0                fillScreen
                0x0000000000080434                drawRect
                0x0000000000080524                drawImage
                0x0000000000080624                drawSquare
                0x00000000000806fc                drawCheckerboard
 .text          0x0000000000080860       0xe4 build/main.o
                0x0000000000080860                printf
                0x0000000000080880                main
 .text          0x0000000000080944       0xac build/mbox.o
                0x0000000000080944                mbox_call
 .text          0x00000000000809f0        0x0 build/objects.o
 .text          0x00000000000809f0        0x0 build/screen.o
 .text          0x00000000000809f0      0x7f0 build/snes.o
                0x00000000000809f0                snesStart
                0x0000000000080a50                checkState
                0x0000000000080ac8                printarts
                0x0000000000080ae8                initSNES
                0x0000000000080bbc                read_SNES
                0x0000000000080c58                writeClock
                0x0000000000080cac                writeLatch
                0x0000000000080d00                readData
                0x0000000000080d50                printMessage
                0x0000000000081190                wait
 .text          0x00000000000811e0       0x1c build/ssp.o
                0x00000000000811e0                __stack_chk_fail
 .text          0x00000000000811fc      0x30c build/uart.o
                0x00000000000811fc                spin_for_cycles
                0x0000000000081230                uart_init
                0x000000000008139c                uart_send
                0x00000000000813dc                uart_getc
                0x000000000008142c                uart_puts
                0x0000000000081488                uart_hex

.iplt           0x0000000000081508        0x0
 .iplt          0x0000000000081508        0x0 build/start.o

.rodata         0x0000000000081508   0x1901e2
 *(.rodata .rodata.* .gnu.linkonce.r*)
 .rodata        0x0000000000081508   0x19003a build/main.o
 *fill*         0x0000000000211542        0x6 
 .rodata        0x0000000000211548      0x180 build/snes.o
 .rodata        0x00000000002116c8       0x22 build/ssp.o
                [!provide]                        PROVIDE (_data = .)

.rela.dyn       0x00000000002116f0        0x0
 .rela.iplt     0x00000000002116f0        0x0 build/start.o
 .rela.text.boot
                0x00000000002116f0        0x0 build/start.o

.data           0x00000000002116f0       0x10
 *(.data .data.* .gnu.linkonce.d*)
 .data          0x00000000002116f0        0x0 build/start.o
 .data          0x00000000002116f0        0x0 build/framebuffer.o
 .data          0x00000000002116f0        0x0 build/main.o
 .data          0x00000000002116f0        0x0 build/mbox.o
 .data          0x00000000002116f0        0x0 build/objects.o
 .data          0x00000000002116f0        0x0 build/screen.o
 .data          0x00000000002116f0       0x10 build/snes.o
                0x00000000002116f0                buttonPressed
 .data          0x0000000000211700        0x0 build/ssp.o
 .data          0x0000000000211700        0x0 build/uart.o

.igot.plt       0x0000000000211700        0x0
 .igot.plt      0x0000000000211700        0x0 build/start.o

.bss            0x0000000000211700       0xc0
                0x0000000000211700                . = ALIGN (0x10)
                0x0000000000211700                __bss_start = .
 *(.bss .bss.*)
 .bss           0x0000000000211700        0x0 build/start.o
 .bss           0x0000000000211700       0x18 build/framebuffer.o
                0x0000000000211700                width
                0x0000000000211704                height
                0x0000000000211708                pitch
                0x0000000000211710                framebuffer
 .bss           0x0000000000211718        0xc build/main.o
                0x0000000000211718                appStart
                0x000000000021171c                paused
                0x0000000000211720                quit
 *fill*         0x0000000000211724        0xc 
 .bss           0x0000000000211730       0x90 build/mbox.o
                0x0000000000211730                mbox
 .bss           0x00000000002117c0        0x0 build/objects.o
 .bss           0x00000000002117c0        0x0 build/screen.o
 .bss           0x00000000002117c0        0x0 build/snes.o
 .bss           0x00000000002117c0        0x0 build/ssp.o
 .bss           0x00000000002117c0        0x0 build/uart.o
 *(COMMON)
                0x00000000002117c0                __bss_end = .
                0x00000000002117c0                _end = .

/DISCARD/
 *(.comment)
 *(.gnu*)
 *(.note*)
 *(.eh_frame*)
                0x0000000000000018                __bss_size = ((__bss_end - __bss_start) >> 0x3)
OUTPUT(kernel8.elf elf64-littleaarch64)
LOAD linker stubs

.debug_info     0x0000000000000000      0xcc0
 .debug_info    0x0000000000000000      0x45b build/framebuffer.o
 .debug_info    0x000000000000045b      0x1ff build/main.o
 .debug_info    0x000000000000065a       0xba build/mbox.o
 .debug_info    0x0000000000000714       0x73 build/objects.o
 .debug_info    0x0000000000000787      0x328 build/snes.o
 .debug_info    0x0000000000000aaf       0x68 build/ssp.o
 .debug_info    0x0000000000000b17      0x1a9 build/uart.o

.debug_abbrev   0x0000000000000000      0x608
 .debug_abbrev  0x0000000000000000      0x134 build/framebuffer.o
 .debug_abbrev  0x0000000000000134      0x10f build/main.o
 .debug_abbrev  0x0000000000000243       0x98 build/mbox.o
 .debug_abbrev  0x00000000000002db       0x26 build/objects.o
 .debug_abbrev  0x0000000000000301      0x181 build/snes.o
 .debug_abbrev  0x0000000000000482       0x60 build/ssp.o
 .debug_abbrev  0x00000000000004e2      0x126 build/uart.o

.debug_aranges  0x0000000000000000      0x140
 .debug_aranges
                0x0000000000000000       0x30 build/framebuffer.o
 .debug_aranges
                0x0000000000000030       0x30 build/main.o
 .debug_aranges
                0x0000000000000060       0x30 build/mbox.o
 .debug_aranges
                0x0000000000000090       0x20 build/objects.o
 .debug_aranges
                0x00000000000000b0       0x30 build/snes.o
 .debug_aranges
                0x00000000000000e0       0x30 build/ssp.o
 .debug_aranges
                0x0000000000000110       0x30 build/uart.o

.debug_line     0x0000000000000000      0x8bd
 .debug_line    0x0000000000000000      0x2b3 build/framebuffer.o
 .debug_line    0x00000000000002b3       0x8b build/main.o
 .debug_line    0x000000000000033e       0x9b build/mbox.o
 .debug_line    0x00000000000003d9       0x35 build/objects.o
 .debug_line    0x000000000000040e        0x0 build/screen.o
 .debug_line    0x000000000000040e      0x2da build/snes.o
 .debug_line    0x00000000000006e8       0x5c build/ssp.o
 .debug_line    0x0000000000000744      0x179 build/uart.o

.debug_str      0x0000000000000000      0x2e9
 .debug_str     0x0000000000000000      0x15d build/framebuffer.o
                                        0x194 (size before relaxing)
 .debug_str     0x000000000000015d       0x8e build/main.o
                                        0x15a (size before relaxing)
 .debug_str     0x00000000000001eb       0x7e build/mbox.o
 .debug_str     0x00000000000001eb       0x17 build/objects.o
                                         0xd7 (size before relaxing)
 .debug_str     0x0000000000000202       0x42 build/screen.o
 .debug_str     0x0000000000000202       0x9f build/snes.o
                                        0x192 (size before relaxing)
 .debug_str     0x00000000000002a1       0x11 build/ssp.o
                                         0x62 (size before relaxing)
 .debug_str     0x00000000000002b2       0x37 build/uart.o
                                         0xc4 (size before relaxing)

.debug_line_str
                0x0000000000000000      0x105
 .debug_line_str
                0x0000000000000000       0x6c build/framebuffer.o
                                         0xd1 (size before relaxing)
 .debug_line_str
                0x000000000000006c       0x41 build/main.o
                                         0xe8 (size before relaxing)
 .debug_line_str
                0x00000000000000ad        0xe build/mbox.o
                                         0xb5 (size before relaxing)
 .debug_line_str
                0x00000000000000bb       0x11 build/objects.o
                                         0xb4 (size before relaxing)
 .debug_line_str
                0x00000000000000cc       0x10 build/screen.o
                                         0x59 (size before relaxing)
 .debug_line_str
                0x00000000000000dc        0xe build/snes.o
                                         0xbc (size before relaxing)
 .debug_line_str
                0x00000000000000ea        0xd build/ssp.o
                                         0xb9 (size before relaxing)
 .debug_line_str
                0x00000000000000f7        0xe build/uart.o
                                         0xbc (size before relaxing)

.debug_frame    0x0000000000000000      0x438
 .debug_frame   0x0000000000000000      0x118 build/framebuffer.o
 .debug_frame   0x0000000000000118       0x60 build/main.o
 .debug_frame   0x0000000000000178       0x30 build/mbox.o
 .debug_frame   0x00000000000001a8      0x170 build/snes.o
 .debug_frame   0x0000000000000318       0x30 build/ssp.o
 .debug_frame   0x0000000000000348       0xf0 build/uart.o
