
Discarded input sections

 .comment       0x0000000000000000       0x2f build/framebuffer.o
 .comment       0x0000000000000000       0x2f build/main.o
 .comment       0x0000000000000000       0x2f build/mbox.o
 .comment       0x0000000000000000       0x2f build/ssp.o
 .comment       0x0000000000000000       0x2f build/uart.o

Memory Configuration

Name             Origin             Length             Attributes
*default*        0x0000000000000000 0xffffffffffffffff

Linker script and memory map

LOAD build/start.o
LOAD build/framebuffer.o
LOAD build/main.o
LOAD build/mbox.o
LOAD build/ssp.o
LOAD build/uart.o
                0x0000000000080000                . = 0x80000

.text           0x0000000000080000      0xa4c
 *(.text.boot)
 .text.boot     0x0000000000080000       0x50 build/start.o
                0x0000000000080000                _start
 *(.text .text.* .gnu.linkonce.t*)
 .text          0x0000000000080050        0x0 build/start.o
 .text          0x0000000000080050      0x5d4 build/framebuffer.o
                0x0000000000080050                init_framebuffer
                0x0000000000080354                drawPixel
                0x00000000000803b0                fillScreen
                0x0000000000080434                drawRect
                0x0000000000080524                drawImage
 .text          0x0000000000080624       0x54 build/main.o
                0x0000000000080624                printf
                0x0000000000080644                main
 .text          0x0000000000080678       0xac build/mbox.o
                0x0000000000080678                mbox_call
 .text          0x0000000000080724       0x1c build/ssp.o
                0x0000000000080724                __stack_chk_fail
 .text          0x0000000000080740      0x30c build/uart.o
                0x0000000000080740                spin_for_cycles
                0x0000000000080774                uart_init
                0x00000000000808e0                uart_send
                0x0000000000080920                uart_getc
                0x0000000000080970                uart_puts
                0x00000000000809cc                uart_hex

.iplt           0x0000000000080a4c        0x0
 .iplt          0x0000000000080a4c        0x0 build/start.o

.rodata         0x0000000000080a50       0x52
 *(.rodata .rodata.* .gnu.linkonce.r*)
 .rodata        0x0000000000080a50       0x2a build/main.o
 *fill*         0x0000000000080a7a        0x6 
 .rodata        0x0000000000080a80       0x22 build/ssp.o
                [!provide]                        PROVIDE (_data = .)

.rela.dyn       0x0000000000080aa8        0x0
 .rela.iplt     0x0000000000080aa8        0x0 build/start.o
 .rela.text.boot
                0x0000000000080aa8        0x0 build/start.o

.data           0x0000000000080aa2        0x0
 *(.data .data.* .gnu.linkonce.d*)
 .data          0x0000000000080aa2        0x0 build/start.o
 .data          0x0000000000080aa2        0x0 build/framebuffer.o
 .data          0x0000000000080aa2        0x0 build/main.o
 .data          0x0000000000080aa2        0x0 build/mbox.o
 .data          0x0000000000080aa2        0x0 build/ssp.o
 .data          0x0000000000080aa2        0x0 build/uart.o

.igot.plt       0x0000000000080aa8        0x0
 .igot.plt      0x0000000000080aa8        0x0 build/start.o

.bss            0x0000000000080ab0       0xb0
                0x0000000000080ab0                . = ALIGN (0x10)
                0x0000000000080ab0                __bss_start = .
 *(.bss .bss.*)
 .bss           0x0000000000080ab0        0x0 build/start.o
 .bss           0x0000000000080ab0       0x18 build/framebuffer.o
                0x0000000000080ab0                width
                0x0000000000080ab4                height
                0x0000000000080ab8                pitch
                0x0000000000080ac0                framebuffer
 .bss           0x0000000000080ac8        0x0 build/main.o
 *fill*         0x0000000000080ac8        0x8 
 .bss           0x0000000000080ad0       0x90 build/mbox.o
                0x0000000000080ad0                mbox
 .bss           0x0000000000080b60        0x0 build/ssp.o
 .bss           0x0000000000080b60        0x0 build/uart.o
 *(COMMON)
                0x0000000000080b60                __bss_end = .
                0x0000000000080b60                _end = .

/DISCARD/
 *(.comment)
 *(.gnu*)
 *(.note*)
 *(.eh_frame*)
                0x0000000000000016                __bss_size = ((__bss_end - __bss_start) >> 0x3)
OUTPUT(kernel8.elf elf64-littleaarch64)
LOAD linker stubs

.debug_info     0x0000000000000000      0x6e5
 .debug_info    0x0000000000000000      0x347 build/framebuffer.o
 .debug_info    0x0000000000000347       0xd3 build/main.o
 .debug_info    0x000000000000041a       0xba build/mbox.o
 .debug_info    0x00000000000004d4       0x68 build/ssp.o
 .debug_info    0x000000000000053c      0x1a9 build/uart.o

.debug_abbrev   0x0000000000000000      0x3fb
 .debug_abbrev  0x0000000000000000      0x132 build/framebuffer.o
 .debug_abbrev  0x0000000000000132       0xab build/main.o
 .debug_abbrev  0x00000000000001dd       0x98 build/mbox.o
 .debug_abbrev  0x0000000000000275       0x60 build/ssp.o
 .debug_abbrev  0x00000000000002d5      0x126 build/uart.o

.debug_aranges  0x0000000000000000       0xf0
 .debug_aranges
                0x0000000000000000       0x30 build/framebuffer.o
 .debug_aranges
                0x0000000000000030       0x30 build/main.o
 .debug_aranges
                0x0000000000000060       0x30 build/mbox.o
 .debug_aranges
                0x0000000000000090       0x30 build/ssp.o
 .debug_aranges
                0x00000000000000c0       0x30 build/uart.o

.debug_line     0x0000000000000000      0x4bf
 .debug_line    0x0000000000000000      0x1e6 build/framebuffer.o
 .debug_line    0x00000000000001e6       0x69 build/main.o
 .debug_line    0x000000000000024f       0x9b build/mbox.o
 .debug_line    0x00000000000002ea       0x5c build/ssp.o
 .debug_line    0x0000000000000346      0x179 build/uart.o

.debug_str      0x0000000000000000      0x14e
 .debug_str     0x0000000000000000       0xf0 build/framebuffer.o
                                        0x10f (size before relaxing)
 .debug_str     0x00000000000000f0       0x16 build/main.o
                                         0x93 (size before relaxing)
 .debug_str     0x0000000000000106       0x7e build/mbox.o
 .debug_str     0x0000000000000106       0x11 build/ssp.o
                                         0x62 (size before relaxing)
 .debug_str     0x0000000000000117       0x37 build/uart.o
                                         0xc4 (size before relaxing)

.debug_line_str
                0x0000000000000000       0xac
 .debug_line_str
                0x0000000000000000       0x60 build/framebuffer.o
                                         0xb9 (size before relaxing)
 .debug_line_str
                0x0000000000000060       0x23 build/main.o
                                         0xb2 (size before relaxing)
 .debug_line_str
                0x0000000000000083        0xe build/mbox.o
                                         0x9d (size before relaxing)
 .debug_line_str
                0x0000000000000091        0xd build/ssp.o
                                         0xa1 (size before relaxing)
 .debug_line_str
                0x000000000000009e        0xe build/uart.o
                                         0xa4 (size before relaxing)

.debug_frame    0x0000000000000000      0x280
 .debug_frame   0x0000000000000000       0xd0 build/framebuffer.o
 .debug_frame   0x00000000000000d0       0x60 build/main.o
 .debug_frame   0x0000000000000130       0x30 build/mbox.o
 .debug_frame   0x0000000000000160       0x30 build/ssp.o
 .debug_frame   0x0000000000000190       0xf0 build/uart.o
